get C:\Users\JIGAR PANDYA\Desktop\ddl.sql
SP2-0423: Illegal GET command
SQL> drop table TownYoungsters;
drop table TownYoungsters
           *
ERROR at line 1:
ORA-00942: table or view does not exist 


SQL> drop table town_youngsters;

Table dropped.

SQL> @ ddl;

Table created.

SQL> desc town_younsters;
ERROR:
ORA-04043: object town_younsters does not exist 


SQL> desc town_youngsters;
 Name                                      Null?    Type
 ----------------------------------------- -------- ----------------------------
 I1                                                 NUMBER
 I2                                                 NUMBER
 I3                                                 NUMBER
 I4                                                 NUMBER
 I5                                                 NUMBER

SQL> @ datamale;

1 row created.


1 row created.


1 row created.


1 row created.


1 row created.


1 row created.


1 row created.


1 row created.


1 row created.


1 row created.


1 row created.


1 row created.


1 row created.


1 row created.


1 row created.


1 row created.


1 row created.


1 row created.


1 row created.


1 row created.


1 row created.


1 row created.


1 row created.


1 row created.


1 row created.


1 row created.


1 row created.


1 row created.


1 row created.


1 row created.


1 row created.


1 row created.


1 row created.


1 row created.


1 row created.


1 row created.


1 row created.


1 row created.


1 row created.


1 row created.


1 row created.


1 row created.


1 row created.


1 row created.


1 row created.


1 row created.


1 row created.


1 row created.


1 row created.


1 row created.


1 row created.


1 row created.


1 row created.


1 row created.


1 row created.


1 row created.


1 row created.


1 row created.


1 row created.


1 row created.


1 row created.


1 row created.


1 row created.


1 row created.


1 row created.


1 row created.


1 row created.


1 row created.


1 row created.


1 row created.


1 row created.


1 row created.


1 row created.


1 row created.


1 row created.


1 row created.


1 row created.


1 row created.


1 row created.


1 row created.


1 row created.


1 row created.


1 row created.


1 row created.


1 row created.


1 row created.


1 row created.


1 row created.


1 row created.


1 row created.


1 row created.


1 row created.


1 row created.


1 row created.


1 row created.


1 row created.


1 row created.


1 row created.


1 row created.


1 row created.


1 row created.


1 row created.


1 row created.


1 row created.


1 row created.


1 row created.


1 row created.


1 row created.


1 row created.


1 row created.


1 row created.


1 row created.


1 row created.


1 row created.


1 row created.


1 row created.


1 row created.


1 row created.


1 row created.


1 row created.


1 row created.


1 row created.


1 row created.


1 row created.


1 row created.


1 row created.


1 row created.


1 row created.


1 row created.


1 row created.


1 row created.


1 row created.


1 row created.


1 row created.


1 row created.


1 row created.


1 row created.


1 row created.


1 row created.


1 row created.


1 row created.


1 row created.


1 row created.


1 row created.


1 row created.


1 row created.


1 row created.


1 row created.


1 row created.


1 row created.

SQL> select * from Town_youngsters;

        I1         I2         I3         I4         I5                          
---------- ---------- ---------- ---------- ----------                          
         1          1          1          1          1                          
         1          0          1          1          1                          
         1          0          0          0          0                          
         0          1          1          1          0                          
         1          0          1          1          1                          
         0          0          1          1          0                          
         0          0          0          0          1                          
         0          0          1          1          0                          
         0          1          1          1          1                          
         1          0          1          1          0                          
         0          0          1          0          0                          

        I1         I2         I3         I4         I5                          
---------- ---------- ---------- ---------- ----------                          
         0          0          1          0          0                          
         1          1          0          0          1                          
         0          0          1          1          0                          
         1          0          1          1          0                          
         0          1          1          1          1                          
         1          0          1          1          1                          
         1          0          1          0          1                          
         0          0          1          1          1                          
         1          0          1          0          0                          
         0          0          1          0          0                          
         1          0          1          1          1                          

        I1         I2         I3         I4         I5                          
---------- ---------- ---------- ---------- ----------                          
         0          0          1          0          0                          
         1          0          1          1          0                          
         1          1          1          0          1                          
         1          0          1          0          0                          
         0          1          1          1          1                          
         0          1          0          0          1                          
         1          0          0          0          0                          
         1          0          0          0          0                          
         1          0          1          0          0                          
         0          0          1          1          1                          
         1          0          1          1          0                          

        I1         I2         I3         I4         I5                          
---------- ---------- ---------- ---------- ----------                          
         1          1          1          1          1                          
         1          0          1          1          1                          
         1          1          1          1          0                          
         0          0          1          0          0                          
         1          0          1          0          0                          
         1          0          0          0          0                          
         1          1          1          0          1                          
         0          0          1          1          1                          
         1          0          1          1          0                          
         0          1          1          1          1                          
         0          1          1          1          0                          

        I1         I2         I3         I4         I5                          
---------- ---------- ---------- ---------- ----------                          
         0          0          1          1          1                          
         1          0          1          1          0                          
         1          0          1          0          1                          
         1          0          1          1          0                          
         1          0          1          1          1                          
         0          0          1          1          0                          
         0          1          1          1          1                          
         1          0          1          1          1                          
         0          0          1          0          0                          
         0          0          1          0          1                          
         1          1          1          1          1                          

        I1         I2         I3         I4         I5                          
---------- ---------- ---------- ---------- ----------                          
         1          0          1          0          1                          
         0          1          1          1          0                          
         1          0          1          1          1                          
         1          0          1          1          0                          
         0          0          1          1          1                          
         0          0          1          1          1                          
         0          1          1          1          0                          
         1          0          1          1          0                          
         0          0          1          0          0                          
         1          1          0          0          0                          
         1          1          1          1          1                          

        I1         I2         I3         I4         I5                          
---------- ---------- ---------- ---------- ----------                          
         0          1          1          1          1                          
         0          1          1          0          0                          
         0          1          1          0          1                          
         1          1          1          1          0                          
         1          0          1          0          1                          
         0          1          1          1          1                          
         0          0          1          0          0                          
         1          0          1          0          1                          
         1          0          1          1          1                          
         1          0          0          0          0                          
         0          1          1          0          1                          

        I1         I2         I3         I4         I5                          
---------- ---------- ---------- ---------- ----------                          
         0          1          0          0          0                          
         0          0          1          1          1                          
         1          0          1          1          1                          
         0          0          1          0          0                          
         1          0          1          0          0                          
         1          1          1          1          0                          
         0          1          1          1          1                          
         0          0          1          0          0                          
         1          1          1          1          1                          
         1          0          1          1          1                          
         0          0          1          0          0                          

        I1         I2         I3         I4         I5                          
---------- ---------- ---------- ---------- ----------                          
         1          0          1          1          1                          
         0          0          1          0          0                          
         0          1          1          1          1                          
         0          1          1          1          1                          
         0          1          1          1          1                          
         1          1          1          0          1                          
         0          1          1          0          1                          
         1          0          1          0          1                          
         1          1          1          1          1                          
         1          1          1          1          1                          
         0          0          1          1          1                          

        I1         I2         I3         I4         I5                          
---------- ---------- ---------- ---------- ----------                          
         0          1          1          0          1                          
         1          1          1          1          1                          
         0          0          1          0          0                          
         1          1          1          1          1                          
         0          0          1          0          0                          
         0          0          1          1          1                          
         0          0          1          0          0                          
         1          0          1          0          0                          
         1          0          0          0          0                          
         0          1          1          1          1                          
         0          1          1          1          0                          

        I1         I2         I3         I4         I5                          
---------- ---------- ---------- ---------- ----------                          
         1          0          1          1          0                          
         1          1          1          1          1                          
         1          0          1          0          1                          
         0          1          1          1          0                          
         0          0          1          0          1                          
         0          1          0          0          1                          
         0          1          1          1          1                          
         1          0          1          1          0                          
         1          1          1          1          1                          
         0          1          1          1          1                          
         0          1          1          1          1                          

        I1         I2         I3         I4         I5                          
---------- ---------- ---------- ---------- ----------                          
         0          0          0          0          0                          
         0          0          1          0          1                          
         0          1          1          0          0                          
         1          0          1          0          0                          
         1          1          1          1          1                          
         0          0          1          1          1                          
         0          0          1          1          0                          
         0          0          1          1          0                          
         0          1          0          0          1                          
         1          1          1          1          0                          
         1          1          1          0          1                          

        I1         I2         I3         I4         I5                          
---------- ---------- ---------- ---------- ----------                          
         1          1          1          1          1                          
         0          0          0          0          1                          
         1          0          1          0          1                          
         0          1          1          0          1                          
         1          0          1          0          0                          
         0          0          1          1          0                          
         1          0          1          0          0                          
         1          0          1          1          1                          
         0          0          1          1          0                          
         0          1          1          1          0                          
         1          1          1          1          1                          

        I1         I2         I3         I4         I5                          
---------- ---------- ---------- ---------- ----------                          
         1          0          1          1          0                          
         0          1          1          1          0                          
         0          1          1          0          1                          
         1          1          1          1          1                          
         0          1          1          0          1                          
         1          1          0          0          1                          
         1          0          1          1          1                          

150 rows selected.

SQL> @ algo;
Enter value for minimum_confidence: 100
  minimum_support:=$minimum_support;
                   *
ERROR at line 32:
ORA-06550: line 32, column 20: 
PLS-00181: unsupported preprocessor directive '$MINIMUM_SUPPORT' 


SQL> @algo;
Enter value for minimum_support: 1.0
Enter value for minimum_confidence: 1.0
NO. OF TUPLES IN II 0                                                           
NO. OF TUPLES IN III 0                                                          

PL/SQL procedure successfully completed.

SQL> @algo;
Enter value for minimum_support: 0.9
Enter value for minimum_confidence: 0.9
DECLARE
*
ERROR at line 1:
ORA-00955: name is already used by an existing object 
ORA-06512: at line 24 


SQL> @ drop;

Table dropped.


Table dropped.


Table dropped.

SQL> @ algo;
Enter value for minimum_support: 0.9
Enter value for minimum_confidence: 0.9
NO. OF TUPLES IN II 0                                                           
NO. OF TUPLES IN III 0                                                          

PL/SQL procedure successfully completed.

SQL> @ drop;

Table dropped.


Table dropped.


Table dropped.

SQL> @algo;
Enter value for minimum_support: 0.8
Enter value for minimum_confidence: 0.8
the item is not removed. I3                                                     
NO. OF TUPLES IN II 0                                                           
NO. OF TUPLES IN III 0                                                          

PL/SQL procedure successfully completed.

SQL> @drop;

Table dropped.


Table dropped.


Table dropped.

SQL> @algo;
Enter value for minimum_support: 0.7
Enter value for minimum_confidence: 0.7
the item is not removed. I3                                                     
NO. OF TUPLES IN II 0                                                           
NO. OF TUPLES IN III 0                                                          

PL/SQL procedure successfully completed.

SQL> @drop;

Table dropped.


Table dropped.


Table dropped.

SQL> @algo;
Enter value for minimum_support: 0.6
Enter value for minimum_confidence: 0.6
the item is not removed. I3                                                     
NO. OF TUPLES IN II 0                                                           
NO. OF TUPLES IN III 0                                                          

PL/SQL procedure successfully completed.

SQL> @drop;

Table dropped.


Table dropped.


Table dropped.

SQL> @algo;
Enter value for minimum_support: 0.5
Enter value for minimum_confidence: 0.5
the item is not removed. I1                                                     
the item is not removed. I3                                                     
the item is not removed. I4                                                     
the item is not removed. I5                                                     
ITEM REMOVED.1 3                                                                
ITEM REMOVED.1 4                                                                
ITEM REMOVED.1 5                                                                
The items is not removed. 3 4                                                   
The items is not removed. 3 5                                                   
ITEM REMOVED.4 5                                                                
NO. OF TUPLES IN II 2                                                           
ITEM REMOVED.1 3 4                                                              
ITEM REMOVED.1 3 5                                                              
ITEM REMOVED.1 4 5                                                              
ITEM REMOVED.3 4 5                                                              
NO. OF TUPLES IN III 0                                                          
I3 -> I4   Confidence:.64                                                       
I4 -> I3   Confidence:1                                                         
I3 -> I5   Confidence:.56                                                       
I5 -> I3   Confidence:.91                                                       

PL/SQL procedure successfully completed.

SQL> @ drop;

Table dropped.


Table dropped.


Table dropped.

SQL> @ algo;
Enter value for minimum_support: 0.2
Enter value for minimum_confidence: 0.2
the item is not removed. I1                                                     
the item is not removed. I2                                                     
the item is not removed. I3                                                     
the item is not removed. I4                                                     
the item is not removed. I5                                                     
ITEM REMOVED.1 2                                                                
The items is not removed. 1 3                                                   
The items is not removed. 1 4                                                   
The items is not removed. 1 5                                                   
The items is not removed. 2 3                                                   
The items is not removed. 2 4                                                   
The items is not removed. 2 5                                                   
The items is not removed. 3 4                                                   
The items is not removed. 3 5                                                   
The items is not removed. 4 5                                                   
NO. OF TUPLES IN II 9                                                           
ITEM REMOVED.1 2 3                                                              
ITEM REMOVED.1 2 4                                                              
ITEM REMOVED.1 2 5                                                              
The items is not removed. 1 3 4                                                 
The items is not removed. 1 3 5                                                 
ITEM REMOVED.1 4 5                                                              
The items is not removed. 2 3 4                                                 
The items is not removed. 2 3 5                                                 
The items is not removed. 2 4 5                                                 
The items is not removed. 3 4 5                                                 
NO. OF TUPLES IN III 6                                                          
I1 -> I3   Confidence:.88                                                       
I3 -> I1   Confidence:.49                                                       
I1 -> I4   Confidence:.6                                                        
I4 -> I1   Confidence:.52                                                       
I1 -> I5   Confidence:.57                                                       
I5 -> I1   Confidence:.51                                                       
I2 -> I3   Confidence:.88                                                       
I3 -> I2   Confidence:.41                                                       
I2 -> I4   Confidence:.67                                                       
I4 -> I2   Confidence:.48                                                       
I2 -> I5   Confidence:.74                                                       
I5 -> I2   Confidence:.55                                                       
I3 -> I4   Confidence:.64                                                       
I4 -> I3   Confidence:1                                                         
I3 -> I5   Confidence:.56                                                       
I5 -> I3   Confidence:.91                                                       
I4 -> I5   Confidence:.62                                                       
I5 -> I4   Confidence:.65                                                       

PL/SQL procedure successfully completed.

SQL> 
